RC/asm v2.5
by Michael H. Riley

8080 -> Native
2 Classes read.
129 Patterns read.
    1 0000:                        org   100h
    2 0100: 00                     nop
    3 0101: 01 34 12               lxi   b,1234h
    4 0104: 02                     stax  b
    5 0105: 03                     inx   b
    6 0106: 04                     inr   b
    7 0107: 05                     dcr   b
    8 0108: 06 00                  mvi   b,0
    9 010a: 07                     rlc
   10 010b: 09                     dad   b
   11 010c: 0a                     ldax  b
   12 010d: 0b                     dcx   b
   13 010e: 0c                     inr   c
   14 010f: 0d                     dcr   c
   15 0110: 0e 00                  mvi   c,0
   16 0112: 0f                     rrc
   17 0113:             
   18 0113: 11 34 12               lxi   d,1234h
   19 0116: 12                     stax  d
   20 0117: 13                     inx   d
   21 0118: 14                     inr   d
   22 0119: 15                     dcr   d
   23 011a: 16 00                  mvi   d,0
   24 011c: 17                     ral
   25 011d: 19                     dad   d
   26 011e: 1a                     ldax  d
   27 011f: 1b                     dcx   d
   28 0120: 1c                     inr   e
   29 0121: 1d                     dcr   e
   30 0122: 1e 00                  mvi   e,0
   31 0124: 1f                     rar
   32 0125:             
   33 0125: 21 34 12               lxi   h,1234h
   34 0128: 22 34 12               shld  1234h
   35 012b: 23                     inx   h
   36 012c: 24                     inr   h
   37 012d: 25                     dcr   h
   38 012e: 26 00                  mvi   h,0
   39 0130: 27                     daa
   40 0131: 29                     dad   h
   41 0132: 2a 34 12               lhld  1234h
   42 0135: 2b                     dcx   h
   43 0136: 2c                     inr   l
   44 0137: 2d                     dcr   l
   45 0138: 2e 00                  mvi   l,0
   46 013a: 2f                     cma
   47 013b:             
   48 013b: 31 34 12               lxi   sp,1234h
   49 013e: 32 34 12               sta   1234h
   50 0141: 33                     inx   sp
   51 0142: 34                     inr   m
   52 0143: 35                     dcr   m
   53 0144: 36 00                  mvi   m,0
   54 0146: 37                     stc
   55 0147: 39                     dad   sp
   56 0148: 3a 34 12               lda   1234h
   57 014b: 3b                     dcx   sp
   58 014c: 3c                     inr   a
   59 014d: 3d                     dcr   a
   60 014e: 3e 00                  mvi   a,0
   61 0150: 3f                     cmc
   62 0151:             
   63 0151: 40                     mov   b,b
   64 0152: 41                     mov   b,c
   65 0153: 42                     mov   b,d
   66 0154: 43                     mov   b,e
   67 0155: 44                     mov   b,h
   68 0156: 45                     mov   b,l
   69 0157: 46                     mov   b,m
   70 0158: 47                     mov   b,a
   71 0159: 48                     mov   c,b
   72 015a: 49                     mov   c,c
   73 015b: 4a                     mov   c,d
   74 015c: 4b                     mov   c,e
   75 015d: 4c                     mov   c,h
   76 015e: 4d                     mov   c,l
   77 015f: 4e                     mov   c,m
   78 0160: 4f                     mov   c,a
   79 0161:             
   80 0161: 50                     mov   d,b
   81 0162: 51                     mov   d,c
   82 0163: 52                     mov   d,d
   83 0164: 53                     mov   d,e
   84 0165: 54                     mov   d,h
   85 0166: 55                     mov   d,l
   86 0167: 56                     mov   d,m
   87 0168: 57                     mov   d,a
   88 0169: 58                     mov   e,b
   89 016a: 59                     mov   e,c
   90 016b: 5a                     mov   e,d
   91 016c: 5b                     mov   e,e
   92 016d: 5c                     mov   e,h
   93 016e: 5d                     mov   e,l
   94 016f: 5e                     mov   e,m
   95 0170: 5f                     mov   e,a
   96 0171:             
   97 0171: 60                     mov   h,b
   98 0172: 61                     mov   h,c
   99 0173: 62                     mov   h,d
  100 0174: 63                     mov   h,e
  101 0175: 64                     mov   h,h
  102 0176: 65                     mov   h,l
  103 0177: 66                     mov   h,m
  104 0178: 67                     mov   h,a
  105 0179: 68                     mov   l,b
  106 017a: 69                     mov   l,c
  107 017b: 6a                     mov   l,d
  108 017c: 6b                     mov   l,e
  109 017d: 6c                     mov   l,h
  110 017e: 6d                     mov   l,l
  111 017f: 6e                     mov   l,m
  112 0180: 6f                     mov   l,a
  113 0181:             
  114 0181: 70                     mov   m,b
  115 0182: 71                     mov   m,c
  116 0183: 72                     mov   m,d
  117 0184: 73                     mov   m,e
  118 0185: 74                     mov   m,h
  119 0186: 75                     mov   m,l
  120 0187: 76                     hlt
  121 0188: 77                     mov   m,a
  122 0189: 78                     mov   a,b
  123 018a: 79                     mov   a,c
  124 018b: 7a                     mov   a,d
  125 018c: 7b                     mov   a,e
  126 018d: 7c                     mov   a,h
  127 018e: 7d                     mov   a,l
  128 018f: 7e                     mov   a,m
  129 0190: 7f                     mov   a,a
  130 0191:             
  131 0191: 80                     add   b
  132 0192: 81                     add   c
  133 0193: 82                     add   d
  134 0194: 83                     add   e
  135 0195: 84                     add   h
  136 0196: 85                     add   l
  137 0197: 86                     add   m
  138 0198: 87                     add   a
  139 0199: 88                     adc   b
  140 019a: 89                     adc   c
  141 019b: 8a                     adc   d
  142 019c: 8b                     adc   e
  143 019d: 8c                     adc   h
  144 019e: 8d                     adc   l
  145 019f: 8e                     adc   m
  146 01a0: 8f                     adc   a
  147 01a1:             
  148 01a1: 90                     sub   b
  149 01a2: 91                     sub   c
  150 01a3: 92                     sub   d
  151 01a4: 93                     sub   e
  152 01a5: 94                     sub   h
  153 01a6: 95                     sub   l
  154 01a7: 96                     sub   m
  155 01a8: 97                     sub   a
  156 01a9: 98                     sbb   b
  157 01aa: 99                     sbb   c
  158 01ab: 9a                     sbb   d
  159 01ac: 9b                     sbb   e
  160 01ad: 9c                     sbb   h
  161 01ae: 9d                     sbb   l
  162 01af: 9e                     sbb   m
  163 01b0: 9f                     sbb   a
  164 01b1:             
  165 01b1: a0                     ana   b
  166 01b2: a1                     ana   c
  167 01b3: a2                     ana   d
  168 01b4: a3                     ana   e
  169 01b5: a4                     ana   h
  170 01b6: a5                     ana   l
  171 01b7: a6                     ana   m
  172 01b8: a7                     ana   a
  173 01b9: a8                     xra   b
  174 01ba: a9                     xra   c
  175 01bb: aa                     xra   d
  176 01bc: ab                     xra   e
  177 01bd: ac                     xra   h
  178 01be: ad                     xra   l
  179 01bf: ae                     xra   m
  180 01c0: af                     xra   a
  181 01c1:             
  182 01c1: b0                     ora   b
  183 01c2: b1                     ora   c
  184 01c3: b2                     ora   d
  185 01c4: b3                     ora   e
  186 01c5: b4                     ora   h
  187 01c6: b5                     ora   l
  188 01c7: b6                     ora   m
  189 01c8: b7                     ora   a
  190 01c9: b8                     cmp   b
  191 01ca: b9                     cmp   c
  192 01cb: ba                     cmp   d
  193 01cc: bb                     cmp   e
  194 01cd: bc                     cmp   h
  195 01ce: bd                     cmp   l
  196 01cf: be                     cmp   m
  197 01d0: bf                     cmp   a
  198 01d1:             
  199 01d1: c0                     rnz
  200 01d2: c1                     pop   b
  201 01d3: c2 34 12               jnz   1234h
  202 01d6: c3 34 12               jmp   1234h
  203 01d9: c4 34 12               cnz   1234h
  204 01dc: c5                     push  b
  205 01dd: c6 00                  adi   0
  206 01df: c7                     rst   0h
  207 01e0: c8                     rz
  208 01e1: c9                     ret
  209 01e2: ca 34 12               jz    1234h
  210 01e5: cc 34 12               cz    1234h
  211 01e8: cd 34 12               call  1234h
  212 01eb: ce 00                  adci  0
  213 01ed: cf                     rst   8h
  214 01ee:             
  215 01ee: d0                     rnc
  216 01ef: d1                     pop   d
  217 01f0: d2 34 12               jnc   1234h
  218 01f3: d3 01                  out   1
  219 01f5: d4 34 12               cnc   1234h
  220 01f8: d5                     push  d
  221 01f9: d6 01                  sui   1
  222 01fb: d7                     rst   10h
  223 01fc: d8                     rc
  224 01fd: da 34 12               jc    1234h
  225 0200: db 01                  in    1
  226 0202: dc 34 12               cc    1234h
  227 0205: de 01                  sbi   1
  228 0207: df                     rst   18h
  229 0208:              
  230 0208: e0                     rpo
  231 0209: e1                     pop   h
  232 020a: e2 34 12               jpo   1234h
  233 020d: e3                     xthl
  234 020e: e4 34 12               cpo   1234h
  235 0211: e5                     push  h
  236 0212: e6 01                  ani   1
  237 0214: e7                     rst   20h
  238 0215: e8                     rpe
  239 0216: e9                     pchl
  240 0217: ea 34 12               jpe   1234h
  241 021a: eb                     xchg
  242 021b: ec 34 12               cpe   1234h
  243 021e: ee 01                  xri   1
  244 0220: ef                     rst   28h
  245 0221:             
  246 0221: f0                     rp
  247 0222: f1                     pop   psw
  248 0223: f2 34 12               jp    1234h
  249 0226: f3                     di
  250 0227: f4 34 12               cp    1234h
  251 022a: f5                     push  psw
  252 022b: f6 01                  ori   1
  253 022d: f7                     rst   30h
  254 022e: f8                     rm
  255 022f: f9                     sphl
  256 0230: fa 34 12               jm    1234h
  257 0233: fb                     ei
  258 0234: fc 34 12               cm    1234h
  259 0237: fe 01                  cpi   1
  260 0239: ff                     rst   38h


260 Lines assembled
0 Errors
0 Labels
Object Code:314 bytes

